File               DER    JER    B3-Precision    B3-Recall    B3-F1    GKT(ref, sys)    GKT(sys, ref)    H(ref|sys)    H(sys|ref)    MI    NMI
---------------  -----  -----  --------------  -----------  -------  ---------------  ---------------  ------------  ------------  ----  -----
B014             27.82  31.78            0.63         0.66     0.64             0.52             0.49          1.20          0.92  0.99   0.48
B026             27.36  30.60            0.61         0.69     0.65             0.61             0.52          1.43          0.88  1.37   0.55
M016             29.32  32.24            0.52         0.72     0.60             0.58             0.38          1.57          0.80  0.91   0.44
M032             30.80  30.55            0.62         0.67     0.65             0.56             0.50          1.23          0.96  1.15   0.51
*** OVERALL ***  28.81  31.24            0.59         0.69     0.64             0.66             0.57          1.36          0.89  3.11   0.74
