File               DER    JER    B3-Precision    B3-Recall    B3-F1    GKT(ref, sys)    GKT(sys, ref)    H(ref|sys)    H(sys|ref)    MI    NMI
---------------  -----  -----  --------------  -----------  -------  ---------------  ---------------  ------------  ------------  ----  -----
B014             26.18  28.74            0.65         0.68     0.67             0.55             0.52          1.14          0.85  1.05   0.52
B026             26.56  29.82            0.62         0.71     0.66             0.63             0.53          1.40          0.83  1.40   0.56
M016             26.35  27.49            0.56         0.77     0.65             0.66             0.44          1.42          0.66  1.06   0.51
M032             31.70  31.50            0.63         0.67     0.65             0.56             0.51          1.21          0.96  1.16   0.52
*** OVERALL ***  27.70  29.42            0.61         0.71     0.66             0.69             0.59          1.29          0.83  3.17   0.75
