Loading speaker turns from reference RTTMs...
Loading speaker turns from system RTTMs...
WARNING: No universal evaluation map specified. Approximating from reference and speaker turn extents...
Trimming reference speaker turns to UEM scoring regions...
Trimming system speaker turns to UEM scoring regions...
Checking for overlapping reference speaker turns...
Checking for overlapping system speaker turns...
Scoring...
